// Jest Snapshot v1, https://goo.gl/fbAQLP

exports[`<AboutView/> el componente debe coincidir con el snapshot  1`] = `<h1> AboutView works </h1>`;
